// === Completions ===
=== /tests/cases/fourslash/completionsStringMethods.ts ===
// var s = "foo".
//               ^
// | ----------------------------------------------------------------------
// | No completions at /*1*/.
// | ----------------------------------------------------------------------

[
  {
    "marker": {
      "fileName": "/tests/cases/fourslash/completionsStringMethods.ts",
      "position": 14,
      "name": "1"
    },
    "item": {}
  }
]